MO busmerge4_2 NULL busmerge4_2.v vlg47/busmerge4__2.bin 1771662035
MO Sign_Extend_16to64 NULL Sign_Extend_16to64.v vlg17/_sign___extend__16to64.bin 1771471886
MO Sign_Extend_12to64 NULL Sign_Extend_12to64.v vlg53/_sign___extend__12to64.bin 1771569488
MO Control_Unit NULL Control_Unit.v vlg24/_control___unit.bin 1771566818
MO Condition_Unit NULL Condition_Unit.v vlg0A/_condition___unit.bin 1771658049
MO ALU NULL ALU.v vlg2A/_a_l_u.bin 1771567688
